// Jest Snapshot v1, https://goo.gl/fbAQLP

exports[`Image renders correctly 1`] = `
<div
  className=" gatsby-image-wrapper"
  style={
    Object {
      "display": "inline-block",
      "height": 100,
      "overflow": "hidden",
      "position": "relative",
      "width": 100,
    }
  }
>
  <img
    alt=""
    src="base64"
    style={
      Object {
        "height": "100%",
        "left": 0,
        "objectFit": "cover",
        "objectPosition": "center",
        "opacity": 1,
        "position": "absolute",
        "top": 0,
        "transitionDelay": "500ms",
        "width": "100%",
      }
    }
  />
  <picture>
    <source
      srcSet="srcSet"
    />
    <img
      alt=""
      height={100}
      loading="lazy"
      onLoad={[Function]}
      src="src"
      srcSet="srcSet"
      style={
        Object {
          "height": "100%",
          "left": 0,
          "objectFit": "cover",
          "objectPosition": "center",
          "opacity": 0,
          "position": "absolute",
          "top": 0,
          "transition": "opacity 500ms",
          "width": "100%",
        }
      }
      width={100}
    />
  </picture>
  <noscript
    dangerouslySetInnerHTML={
      Object {
        "__html": "<picture><source srcset=\\"srcSet\\" /><img loading=\\"lazy\\" width=\\"100\\" height=\\"100\\" srcset=\\"srcSet\\" src=\\"src\\" alt=\\"\\" style=\\"position:absolute;top:0;left:0;opacity:1;width:100%;height:100%;object-fit:cover;object-position:center\\"/></picture>",
      }
    }
  />
</div>
`;
