// Jest Snapshot v1, https://goo.gl/fbAQLP

exports[`Tag renders correctly 1`] = `
<a
  href="/tags/test-tag/"
>
  Test Tag
</a>
`;
