// Jest Snapshot v1, https://goo.gl/fbAQLP

exports[`Posts renders correctly 1`] = `
<div>
  <h1>
    Posts
  </h1>
  <ul>
    <li>
      <a
        className="tag-listing"
        href="/path"
      >
        Title
      </a>
    </li>
  </ul>
</div>
`;
