// Jest Snapshot v1, https://goo.gl/fbAQLP

exports[`Tags renders correctly 1`] = `
<div>
  <h1>
    Tags
  </h1>
  <ul>
    <li>
      <a
        className="tag-listing"
        href="/tags/test-tag/"
      >
        Test Tag
         (
        1
        )
      </a>
    </li>
    <li>
      <a
        className="tag-listing"
        href="/tags/another-test-tag/"
      >
        Another Test Tag
         (
        1
        )
      </a>
    </li>
  </ul>
</div>
`;
